===
55.000000


Evaluated to 0.000000

===
1.000000
2.000000
3.000000
5.000000
8.000000
13.000000
21.000000
34.000000
55.000000
89.000000
144.000000
233.000000
377.000000
610.000000
987.000000
===
987.000000
===
0.540302
===
3.000000
===
5.000000
===
1202.785714


Evaluated to 0.540302

digraph graphname {
Statement0 [label="Statement"];
Program -> Statement0;
FunctionDef1 [label="FunctionDef\n'cos'"];
Statement0 -> FunctionDef1;
FunctionDecl2 [label="FunctionDecl\n'(x,)'"];
FunctionDef1 -> FunctionDecl2;
Statement03 [label="Statement"];
Program -> Statement03;
FunctionDef4 [label="FunctionDef\n'putchard'"];
Statement03 -> FunctionDef4;
FunctionDecl5 [label="FunctionDecl\n'(x,)'"];
FunctionDef4 -> FunctionDecl5;
Statement036 [label="Statement"];
Program -> Statement036;
FunctionDef7 [label="FunctionDef\n'printd'"];
Statement036 -> FunctionDef7;
FunctionDecl8 [label="FunctionDecl\n'(x,)'"];
FunctionDef7 -> FunctionDecl8;
Statement0369 [label="Statement"];
Program -> Statement0369;
FunctionDef10 [label="FunctionDef\n'test'"];
Statement0369 -> FunctionDef10;
FunctionDecl11 [label="FunctionDecl\n'(x,y,)'"];
FunctionDef10 -> FunctionDecl11;
FunctionBody12 [label="FunctionBody\n'<>'"];
FunctionDef10 -> FunctionBody12;
VarName13 [label="VarName\n'x'"];
FunctionBody12 -> VarName13;
FunctionBody14 [label="FunctionBody\n'<>'"];
FunctionBody12 -> FunctionBody14;
BinaryOperator15 [label="BinaryOperator\n'+'"];
FunctionBody14 -> BinaryOperator15;
VarName16 [label="VarName\n'x'"];
BinaryOperator15 -> VarName16;
IConstant17 [label="IConstant\n'100'"];
BinaryOperator15 -> IConstant17;
VarName18 [label="VarName\n'y'"];
FunctionBody14 -> VarName18;
FunctionBody19 [label="FunctionBody\n'<>'"];
FunctionBody14 -> FunctionBody19;
BinaryOperator20 [label="BinaryOperator\n'+'"];
FunctionBody19 -> BinaryOperator20;
VarName21 [label="VarName\n'x'"];
BinaryOperator20 -> VarName21;
IConstant22 [label="IConstant\n'200'"];
BinaryOperator20 -> IConstant22;
FunctionBody23 [label="FunctionBody\n'<>'"];
FunctionBody14 -> FunctionBody23;
BinaryOperator24 [label="BinaryOperator\n'+'"];
FunctionBody23 -> BinaryOperator24;
VarName25 [label="VarName\n'x'"];
BinaryOperator24 -> VarName25;
IConstant26 [label="IConstant\n'300'"];
BinaryOperator24 -> IConstant26;
FunctionBody27 [label="FunctionBody\n'<>'"];
FunctionBody12 -> FunctionBody27;
BinaryOperator28 [label="BinaryOperator\n'+'"];
FunctionBody27 -> BinaryOperator28;
VarName29 [label="VarName\n'x'"];
BinaryOperator28 -> VarName29;
IConstant30 [label="IConstant\n'400'"];
BinaryOperator28 -> IConstant30;
BinaryOperator31 [label="BinaryOperator\n'<'"];
FunctionBody12 -> BinaryOperator31;
IConstant32 [label="IConstant\n'1'"];
BinaryOperator31 -> IConstant32;
IConstant33 [label="IConstant\n'2'"];
BinaryOperator31 -> IConstant33;
FunctionBody34 [label="FunctionBody\n'<>'"];
FunctionBody12 -> FunctionBody34;
IConstant35 [label="IConstant\n'300'"];
FunctionBody34 -> IConstant35;
FunctionBody36 [label="FunctionBody\n'<>'"];
FunctionBody12 -> FunctionBody36;
IConstant37 [label="IConstant\n'600'"];
FunctionBody36 -> IConstant37;
BinaryOperator38 [label="BinaryOperator\n'='"];
FunctionBody12 -> BinaryOperator38;
VarName39 [label="VarName\n'x'"];
BinaryOperator38 -> VarName39;
BinaryOperator40 [label="BinaryOperator\n'+'"];
BinaryOperator38 -> BinaryOperator40;
VarName41 [label="VarName\n'x'"];
BinaryOperator40 -> VarName41;
IConstant42 [label="IConstant\n'1'"];
BinaryOperator40 -> IConstant42;
BinaryOperator43 [label="BinaryOperator\n'='"];
FunctionBody12 -> BinaryOperator43;
VarName44 [label="VarName\n'x'"];
BinaryOperator43 -> VarName44;
BinaryOperator45 [label="BinaryOperator\n'+'"];
BinaryOperator43 -> BinaryOperator45;
VarName46 [label="VarName\n'x'"];
BinaryOperator45 -> VarName46;
IConstant47 [label="IConstant\n'1'"];
BinaryOperator45 -> IConstant47;
BinaryOperator48 [label="BinaryOperator\n'='"];
FunctionBody12 -> BinaryOperator48;
VarName49 [label="VarName\n'x'"];
BinaryOperator48 -> VarName49;
BinaryOperator50 [label="BinaryOperator\n'+'"];
BinaryOperator48 -> BinaryOperator50;
VarName51 [label="VarName\n'x'"];
BinaryOperator50 -> VarName51;
IConstant52 [label="IConstant\n'1'"];
BinaryOperator50 -> IConstant52;
BinaryOperator53 [label="BinaryOperator\n'='"];
FunctionBody12 -> BinaryOperator53;
VarName54 [label="VarName\n'x'"];
BinaryOperator53 -> VarName54;
BinaryOperator55 [label="BinaryOperator\n'+'"];
BinaryOperator53 -> BinaryOperator55;
VarName56 [label="VarName\n'x'"];
BinaryOperator55 -> VarName56;
IConstant57 [label="IConstant\n'1'"];
BinaryOperator55 -> IConstant57;
Statement036958 [label="Statement"];
Program -> Statement036958;
FunctionDef59 [label="FunctionDef\n'add'"];
Statement036958 -> FunctionDef59;
FunctionDecl60 [label="FunctionDecl\n'(x,y,)'"];
FunctionDef59 -> FunctionDecl60;
FunctionBody61 [label="FunctionBody\n'<>'"];
FunctionDef59 -> FunctionBody61;
BinaryOperator62 [label="BinaryOperator\n'+'"];
FunctionBody61 -> BinaryOperator62;
VarName63 [label="VarName\n'x'"];
BinaryOperator62 -> VarName63;
VarName64 [label="VarName\n'y'"];
BinaryOperator62 -> VarName64;
BinaryOperator65 [label="BinaryOperator\n'*'"];
FunctionBody61 -> BinaryOperator65;
VarName66 [label="VarName\n'x'"];
BinaryOperator65 -> VarName66;
VarName67 [label="VarName\n'y'"];
BinaryOperator65 -> VarName67;
BinaryOperator68 [label="BinaryOperator\n'/'"];
FunctionBody61 -> BinaryOperator68;
VarName69 [label="VarName\n'x'"];
BinaryOperator68 -> VarName69;
VarName70 [label="VarName\n'y'"];
BinaryOperator68 -> VarName70;
Statement03695871 [label="Statement"];
Program -> Statement03695871;
FunctionDef72 [label="FunctionDef\n'loop'"];
Statement03695871 -> FunctionDef72;
FunctionDecl73 [label="FunctionDecl\n'(n,)'"];
FunctionDef72 -> FunctionDecl73;
FunctionBody74 [label="FunctionBody\n'<>'"];
FunctionDef72 -> FunctionBody74;
IConstant75 [label="IConstant\n'0'"];
FunctionBody74 -> IConstant75;
BinaryOperator76 [label="BinaryOperator\n'<'"];
FunctionBody74 -> BinaryOperator76;
VarName77 [label="VarName\n'i'"];
BinaryOperator76 -> VarName77;
IConstant78 [label="IConstant\n'10'"];
BinaryOperator76 -> IConstant78;
IConstant79 [label="IConstant\n'1'"];
FunctionBody74 -> IConstant79;
FunctionBody80 [label="FunctionBody\n'<>'"];
FunctionBody74 -> FunctionBody80;
IConstant81 [label="IConstant\n'0'"];
FunctionBody80 -> IConstant81;
BinaryOperator82 [label="BinaryOperator\n'<'"];
FunctionBody80 -> BinaryOperator82;
VarName83 [label="VarName\n'j'"];
BinaryOperator82 -> VarName83;
IConstant84 [label="IConstant\n'10'"];
BinaryOperator82 -> IConstant84;
IConstant85 [label="IConstant\n'1'"];
FunctionBody80 -> IConstant85;
FunctionBody86 [label="FunctionBody\n'<>'"];
FunctionBody80 -> FunctionBody86;
IConstant87 [label="IConstant\n'0'"];
FunctionBody86 -> IConstant87;
BinaryOperator88 [label="BinaryOperator\n'<'"];
FunctionBody86 -> BinaryOperator88;
VarName89 [label="VarName\n'k'"];
BinaryOperator88 -> VarName89;
IConstant90 [label="IConstant\n'10'"];
BinaryOperator88 -> IConstant90;
IConstant91 [label="IConstant\n'1'"];
FunctionBody86 -> IConstant91;
FunctionBody92 [label="FunctionBody\n'<>'"];
FunctionBody86 -> FunctionBody92;
BinaryOperator93 [label="BinaryOperator\n'='"];
FunctionBody92 -> BinaryOperator93;
VarName94 [label="VarName\n'n'"];
BinaryOperator93 -> VarName94;
BinaryOperator95 [label="BinaryOperator\n'+'"];
BinaryOperator93 -> BinaryOperator95;
VarName96 [label="VarName\n'n'"];
BinaryOperator95 -> VarName96;
IConstant97 [label="IConstant\n'1'"];
BinaryOperator95 -> IConstant97;
VarName98 [label="VarName\n'n'"];
FunctionBody74 -> VarName98;
Statement0369587199 [label="Statement"];
Program -> Statement0369587199;
FunctionDef100 [label="FunctionDef\n'fib'"];
Statement0369587199 -> FunctionDef100;
FunctionDecl101 [label="FunctionDecl\n'(n1,)'"];
FunctionDef100 -> FunctionDecl101;
FunctionBody102 [label="FunctionBody\n'<>'"];
FunctionDef100 -> FunctionBody102;
IConstant103 [label="IConstant\n'0'"];
FunctionBody102 -> IConstant103;
IConstant104 [label="IConstant\n'1'"];
FunctionBody102 -> IConstant104;
IConstant105 [label="IConstant\n'0'"];
FunctionBody102 -> IConstant105;
IConstant106 [label="IConstant\n'2'"];
FunctionBody102 -> IConstant106;
BinaryOperator107 [label="BinaryOperator\n'<'"];
FunctionBody102 -> BinaryOperator107;
VarName108 [label="VarName\n'c'"];
BinaryOperator107 -> VarName108;
VarName109 [label="VarName\n'n1'"];
BinaryOperator107 -> VarName109;
IConstant110 [label="IConstant\n'1'"];
FunctionBody102 -> IConstant110;
FunctionBody111 [label="FunctionBody\n'<>'"];
FunctionBody102 -> FunctionBody111;
IConstant112 [label="IConstant\n'0'"];
FunctionBody111 -> IConstant112;
BinaryOperator113 [label="BinaryOperator\n'<'"];
FunctionBody111 -> BinaryOperator113;
VarName114 [label="VarName\n'c'"];
BinaryOperator113 -> VarName114;
IConstant115 [label="IConstant\n'2'"];
BinaryOperator113 -> IConstant115;
FunctionBody116 [label="FunctionBody\n'<>'"];
FunctionBody111 -> FunctionBody116;
BinaryOperator117 [label="BinaryOperator\n'='"];
FunctionBody116 -> BinaryOperator117;
VarName118 [label="VarName\n'next'"];
BinaryOperator117 -> VarName118;
VarName119 [label="VarName\n'c'"];
BinaryOperator117 -> VarName119;
FunctionBody120 [label="FunctionBody\n'<>'"];
FunctionBody111 -> FunctionBody120;
BinaryOperator121 [label="BinaryOperator\n'='"];
FunctionBody120 -> BinaryOperator121;
VarName122 [label="VarName\n'next'"];
BinaryOperator121 -> VarName122;
BinaryOperator123 [label="BinaryOperator\n'+'"];
BinaryOperator121 -> BinaryOperator123;
VarName124 [label="VarName\n'first'"];
BinaryOperator123 -> VarName124;
VarName125 [label="VarName\n'second'"];
BinaryOperator123 -> VarName125;
BinaryOperator126 [label="BinaryOperator\n'='"];
FunctionBody120 -> BinaryOperator126;
VarName127 [label="VarName\n'first'"];
BinaryOperator126 -> VarName127;
VarName128 [label="VarName\n'second'"];
BinaryOperator126 -> VarName128;
BinaryOperator129 [label="BinaryOperator\n'='"];
FunctionBody120 -> BinaryOperator129;
VarName130 [label="VarName\n'second'"];
BinaryOperator129 -> VarName130;
VarName131 [label="VarName\n'next'"];
BinaryOperator129 -> VarName131;
FunctionCall132 [label="FunctionCall\n'printd'"];
FunctionBody111 -> FunctionCall132;
VarName133 [label="VarName\n'next'"];
FunctionCall132 -> VarName133;
VarName134 [label="VarName\n'next'"];
FunctionBody102 -> VarName134;
Statement0369587199135 [label="Statement"];
Program -> Statement0369587199135;
FunctionDef136 [label="FunctionDef\n'fib_rec'"];
Statement0369587199135 -> FunctionDef136;
FunctionDecl137 [label="FunctionDecl\n'(x,)'"];
FunctionDef136 -> FunctionDecl137;
FunctionBody138 [label="FunctionBody\n'<>'"];
FunctionDef136 -> FunctionBody138;
IConstant139 [label="IConstant\n'0'"];
FunctionBody138 -> IConstant139;
BinaryOperator140 [label="BinaryOperator\n'<'"];
FunctionBody138 -> BinaryOperator140;
VarName141 [label="VarName\n'x'"];
BinaryOperator140 -> VarName141;
IConstant142 [label="IConstant\n'1'"];
BinaryOperator140 -> IConstant142;
FunctionBody143 [label="FunctionBody\n'<>'"];
FunctionBody138 -> FunctionBody143;
BinaryOperator144 [label="BinaryOperator\n'='"];
FunctionBody143 -> BinaryOperator144;
VarName145 [label="VarName\n'n'"];
BinaryOperator144 -> VarName145;
IConstant146 [label="IConstant\n'0'"];
BinaryOperator144 -> IConstant146;
FunctionBody147 [label="FunctionBody\n'<>'"];
FunctionBody138 -> FunctionBody147;
BinaryOperator148 [label="BinaryOperator\n'<'"];
FunctionBody147 -> BinaryOperator148;
VarName149 [label="VarName\n'x'"];
BinaryOperator148 -> VarName149;
IConstant150 [label="IConstant\n'2'"];
BinaryOperator148 -> IConstant150;
FunctionBody151 [label="FunctionBody\n'<>'"];
FunctionBody147 -> FunctionBody151;
BinaryOperator152 [label="BinaryOperator\n'='"];
FunctionBody151 -> BinaryOperator152;
VarName153 [label="VarName\n'n'"];
BinaryOperator152 -> VarName153;
IConstant154 [label="IConstant\n'1'"];
BinaryOperator152 -> IConstant154;
FunctionBody155 [label="FunctionBody\n'<>'"];
FunctionBody147 -> FunctionBody155;
BinaryOperator156 [label="BinaryOperator\n'='"];
FunctionBody155 -> BinaryOperator156;
VarName157 [label="VarName\n'n'"];
BinaryOperator156 -> VarName157;
BinaryOperator158 [label="BinaryOperator\n'+'"];
BinaryOperator156 -> BinaryOperator158;
FunctionCall159 [label="FunctionCall\n'fib_rec'"];
BinaryOperator158 -> FunctionCall159;
BinaryOperator160 [label="BinaryOperator\n'-'"];
FunctionCall159 -> BinaryOperator160;
VarName161 [label="VarName\n'x'"];
BinaryOperator160 -> VarName161;
IConstant162 [label="IConstant\n'1'"];
BinaryOperator160 -> IConstant162;
FunctionCall163 [label="FunctionCall\n'fib_rec'"];
BinaryOperator158 -> FunctionCall163;
BinaryOperator164 [label="BinaryOperator\n'-'"];
FunctionCall163 -> BinaryOperator164;
VarName165 [label="VarName\n'x'"];
BinaryOperator164 -> VarName165;
IConstant166 [label="IConstant\n'2'"];
BinaryOperator164 -> IConstant166;
VarName167 [label="VarName\n'n'"];
FunctionBody138 -> VarName167;
Statement0369587199135168 [label="Statement"];
Program -> Statement0369587199135168;
FunctionDef169 [label="FunctionDef\n'test1'"];
Statement0369587199135168 -> FunctionDef169;
FunctionDecl170 [label="FunctionDecl\n'(x,)'"];
FunctionDef169 -> FunctionDecl170;
FunctionBody171 [label="FunctionBody\n'<>'"];
FunctionDef169 -> FunctionBody171;
IConstant172 [label="IConstant\n'0'"];
FunctionBody171 -> IConstant172;
BinaryOperator173 [label="BinaryOperator\n'<'"];
FunctionBody171 -> BinaryOperator173;
VarName174 [label="VarName\n'i'"];
BinaryOperator173 -> VarName174;
IConstant175 [label="IConstant\n'10'"];
BinaryOperator173 -> IConstant175;
IConstant176 [label="IConstant\n'1'"];
FunctionBody171 -> IConstant176;
FunctionBody177 [label="FunctionBody\n'<>'"];
FunctionBody171 -> FunctionBody177;
IConstant178 [label="IConstant\n'100'"];
FunctionBody177 -> IConstant178;
IConstant179 [label="IConstant\n'0'"];
FunctionBody177 -> IConstant179;
BinaryOperator180 [label="BinaryOperator\n'<'"];
FunctionBody177 -> BinaryOperator180;
VarName181 [label="VarName\n'j'"];
BinaryOperator180 -> VarName181;
IConstant182 [label="IConstant\n'10'"];
BinaryOperator180 -> IConstant182;
IConstant183 [label="IConstant\n'1'"];
FunctionBody177 -> IConstant183;
FunctionBody184 [label="FunctionBody\n'<>'"];
FunctionBody177 -> FunctionBody184;
BinaryOperator185 [label="BinaryOperator\n'>'"];
FunctionBody184 -> BinaryOperator185;
VarName186 [label="VarName\n'j'"];
BinaryOperator185 -> VarName186;
IConstant187 [label="IConstant\n'4'"];
BinaryOperator185 -> IConstant187;
FunctionBody188 [label="FunctionBody\n'<>'"];
FunctionBody184 -> FunctionBody188;
BinaryOperator189 [label="BinaryOperator\n'='"];
FunctionBody188 -> BinaryOperator189;
VarName190 [label="VarName\n'x'"];
BinaryOperator189 -> VarName190;
BinaryOperator191 [label="BinaryOperator\n'+'"];
BinaryOperator189 -> BinaryOperator191;
VarName192 [label="VarName\n'x'"];
BinaryOperator191 -> VarName192;
IConstant193 [label="IConstant\n'2'"];
BinaryOperator191 -> IConstant193;
FunctionBody194 [label="FunctionBody\n'<>'"];
FunctionBody184 -> FunctionBody194;
BinaryOperator195 [label="BinaryOperator\n'='"];
FunctionBody194 -> BinaryOperator195;
VarName196 [label="VarName\n'x'"];
BinaryOperator195 -> VarName196;
BinaryOperator197 [label="BinaryOperator\n'+'"];
BinaryOperator195 -> BinaryOperator197;
VarName198 [label="VarName\n'x'"];
BinaryOperator197 -> VarName198;
IConstant199 [label="IConstant\n'1'"];
BinaryOperator197 -> IConstant199;
VarName200 [label="VarName\n'x'"];
FunctionBody171 -> VarName200;
Statement0369587199135168201 [label="Statement"];
Program -> Statement0369587199135168201;
FunctionDef202 [label="FunctionDef\n'test_ret'"];
Statement0369587199135168201 -> FunctionDef202;
FunctionDecl203 [label="FunctionDecl\n'(x1,y1,z1,)'"];
FunctionDef202 -> FunctionDecl203;
FunctionBody204 [label="FunctionBody\n'<>'"];
FunctionDef202 -> FunctionBody204;
BinaryOperator205 [label="BinaryOperator\n'*'"];
FunctionBody204 -> BinaryOperator205;
VarName206 [label="VarName\n'x1'"];
BinaryOperator205 -> VarName206;
VarName207 [label="VarName\n'y1'"];
BinaryOperator205 -> VarName207;
FunctionBody208 [label="FunctionBody\n'<>'"];
FunctionBody204 -> FunctionBody208;
IConstant209 [label="IConstant\n'1'"];
FunctionBody208 -> IConstant209;
//virtual void AST::Grapher::visit(AST::Block *)() unreachable
FunctionBody210 [label="FunctionBody\n'<>'"];
FunctionBody204 -> FunctionBody210;
BinaryOperator211 [label="BinaryOperator\n'>'"];
FunctionBody210 -> BinaryOperator211;
VarName212 [label="VarName\n'x1'"];
BinaryOperator211 -> VarName212;
IConstant213 [label="IConstant\n'2'"];
BinaryOperator211 -> IConstant213;
FunctionBody214 [label="FunctionBody\n'<>'"];
FunctionBody210 -> FunctionBody214;
IConstant215 [label="IConstant\n'2'"];
FunctionBody214 -> IConstant215;
//virtual void AST::Grapher::visit(AST::Block *)() unreachable
FunctionBody216 [label="FunctionBody\n'<>'"];
FunctionBody210 -> FunctionBody216;
BinaryOperator217 [label="BinaryOperator\n'>'"];
FunctionBody216 -> BinaryOperator217;
BinaryOperator218 [label="BinaryOperator\n'+'"];
BinaryOperator217 -> BinaryOperator218;
BinaryOperator219 [label="BinaryOperator\n'+'"];
BinaryOperator218 -> BinaryOperator219;
VarName220 [label="VarName\n'x1'"];
BinaryOperator219 -> VarName220;
IConstant221 [label="IConstant\n'1'"];
BinaryOperator219 -> IConstant221;
BinaryOperator222 [label="BinaryOperator\n'+'"];
BinaryOperator218 -> BinaryOperator222;
VarName223 [label="VarName\n'y1'"];
BinaryOperator222 -> VarName223;
IConstant224 [label="IConstant\n'2'"];
BinaryOperator222 -> IConstant224;
IConstant225 [label="IConstant\n'100'"];
BinaryOperator217 -> IConstant225;
FunctionBody226 [label="FunctionBody\n'<>'"];
FunctionBody216 -> FunctionBody226;
IConstant227 [label="IConstant\n'3'"];
FunctionBody226 -> IConstant227;
//virtual void AST::Grapher::visit(AST::Block *)() unreachable
FunctionBody228 [label="FunctionBody\n'<>'"];
FunctionBody216 -> FunctionBody228;
IConstant229 [label="IConstant\n'4'"];
FunctionBody228 -> IConstant229;
IConstant230 [label="IConstant\n'5'"];
FunctionBody204 -> IConstant230;
//virtual void AST::Grapher::visit(AST::Block *)() unreachable
Statement0369587199135168201231 [label="Statement"];
Program -> Statement0369587199135168201231;
FunctionDef232 [label="FunctionDef\n'main'"];
Statement0369587199135168201231 -> FunctionDef232;
FunctionDecl233 [label="FunctionDecl\n'()'"];
FunctionDef232 -> FunctionDecl233;
FunctionBody234 [label="FunctionBody\n'<>'"];
FunctionDef232 -> FunctionBody234;
UnaryOperator235 [label="UnaryOperator\n'-'"];
FunctionBody234 -> UnaryOperator235;
IConstant236 [label="IConstant\n'8'"];
UnaryOperator235 -> IConstant236;
BinaryOperator237 [label="BinaryOperator\n'+'"];
FunctionBody234 -> BinaryOperator237;
IConstant238 [label="IConstant\n'99'"];
BinaryOperator237 -> IConstant238;
IConstant239 [label="IConstant\n'1'"];
BinaryOperator237 -> IConstant239;
BinaryOperator240 [label="BinaryOperator\n'+'"];
FunctionBody234 -> BinaryOperator240;
VarName241 [label="VarName\n'two'"];
BinaryOperator240 -> VarName241;
VarName242 [label="VarName\n'temp'"];
BinaryOperator240 -> VarName242;
BinaryOperator243 [label="BinaryOperator\n'='"];
FunctionBody234 -> BinaryOperator243;
VarName244 [label="VarName\n'temp'"];
BinaryOperator243 -> VarName244;
BinaryOperator245 [label="BinaryOperator\n'+'"];
BinaryOperator243 -> BinaryOperator245;
VarName246 [label="VarName\n'temp'"];
BinaryOperator245 -> VarName246;
IConstant247 [label="IConstant\n'1'"];
BinaryOperator245 -> IConstant247;
BinaryOperator248 [label="BinaryOperator\n'+'"];
FunctionBody234 -> BinaryOperator248;
VarName249 [label="VarName\n'temp'"];
BinaryOperator248 -> VarName249;
FunctionCall250 [label="FunctionCall\n'loop'"];
BinaryOperator248 -> FunctionCall250;
VarName251 [label="VarName\n'temp'"];
FunctionCall250 -> VarName251;
FunctionCall252 [label="FunctionCall\n'test1'"];
FunctionBody234 -> FunctionCall252;
IConstant253 [label="IConstant\n'0'"];
FunctionCall252 -> IConstant253;
FunctionCall254 [label="FunctionCall\n'putchard'"];
FunctionBody234 -> FunctionCall254;
IConstant255 [label="IConstant\n'61'"];
FunctionCall254 -> IConstant255;
FunctionCall256 [label="FunctionCall\n'putchard'"];
FunctionBody234 -> FunctionCall256;
IConstant257 [label="IConstant\n'61'"];
FunctionCall256 -> IConstant257;
FunctionCall258 [label="FunctionCall\n'putchard'"];
FunctionBody234 -> FunctionCall258;
IConstant259 [label="IConstant\n'61'"];
FunctionCall258 -> IConstant259;
FunctionCall260 [label="FunctionCall\n'putchard'"];
FunctionBody234 -> FunctionCall260;
IConstant261 [label="IConstant\n'10'"];
FunctionCall260 -> IConstant261;
FunctionCall262 [label="FunctionCall\n'fib'"];
FunctionBody234 -> FunctionCall262;
IConstant263 [label="IConstant\n'17'"];
FunctionCall262 -> IConstant263;
FunctionCall264 [label="FunctionCall\n'putchard'"];
FunctionBody234 -> FunctionCall264;
IConstant265 [label="IConstant\n'61'"];
FunctionCall264 -> IConstant265;
FunctionCall266 [label="FunctionCall\n'putchard'"];
FunctionBody234 -> FunctionCall266;
IConstant267 [label="IConstant\n'61'"];
FunctionCall266 -> IConstant267;
FunctionCall268 [label="FunctionCall\n'putchard'"];
FunctionBody234 -> FunctionCall268;
IConstant269 [label="IConstant\n'61'"];
FunctionCall268 -> IConstant269;
FunctionCall270 [label="FunctionCall\n'putchard'"];
FunctionBody234 -> FunctionCall270;
IConstant271 [label="IConstant\n'10'"];
FunctionCall270 -> IConstant271;
FunctionCall272 [label="FunctionCall\n'printd'"];
FunctionBody234 -> FunctionCall272;
FunctionCall273 [label="FunctionCall\n'fib_rec'"];
FunctionCall272 -> FunctionCall273;
IConstant274 [label="IConstant\n'16'"];
FunctionCall273 -> IConstant274;
FunctionCall275 [label="FunctionCall\n'putchard'"];
FunctionBody234 -> FunctionCall275;
IConstant276 [label="IConstant\n'61'"];
FunctionCall275 -> IConstant276;
FunctionCall277 [label="FunctionCall\n'putchard'"];
FunctionBody234 -> FunctionCall277;
IConstant278 [label="IConstant\n'61'"];
FunctionCall277 -> IConstant278;
FunctionCall279 [label="FunctionCall\n'putchard'"];
FunctionBody234 -> FunctionCall279;
IConstant280 [label="IConstant\n'61'"];
FunctionCall279 -> IConstant280;
FunctionCall281 [label="FunctionCall\n'putchard'"];
FunctionBody234 -> FunctionCall281;
IConstant282 [label="IConstant\n'10'"];
FunctionCall281 -> IConstant282;
FunctionCall283 [label="FunctionCall\n'printd'"];
FunctionBody234 -> FunctionCall283;
FunctionCall284 [label="FunctionCall\n'cos'"];
FunctionCall283 -> FunctionCall284;
IConstant285 [label="IConstant\n'1'"];
FunctionCall284 -> IConstant285;
FunctionCall286 [label="FunctionCall\n'cos'"];
FunctionBody234 -> FunctionCall286;
IConstant287 [label="IConstant\n'1'"];
FunctionCall286 -> IConstant287;
FunctionCall288 [label="FunctionCall\n'putchard'"];
FunctionBody234 -> FunctionCall288;
IConstant289 [label="IConstant\n'61'"];
FunctionCall288 -> IConstant289;
FunctionCall290 [label="FunctionCall\n'putchard'"];
FunctionBody234 -> FunctionCall290;
IConstant291 [label="IConstant\n'61'"];
FunctionCall290 -> IConstant291;
FunctionCall292 [label="FunctionCall\n'putchard'"];
FunctionBody234 -> FunctionCall292;
IConstant293 [label="IConstant\n'61'"];
FunctionCall292 -> IConstant293;
FunctionCall294 [label="FunctionCall\n'putchard'"];
FunctionBody234 -> FunctionCall294;
IConstant295 [label="IConstant\n'10'"];
FunctionCall294 -> IConstant295;
FunctionCall296 [label="FunctionCall\n'printd'"];
FunctionBody234 -> FunctionCall296;
FunctionCall297 [label="FunctionCall\n'test_ret'"];
FunctionCall296 -> FunctionCall297;
IConstant298 [label="IConstant\n'0'"];
FunctionCall297 -> IConstant298;
VarName299 [label="VarName\n'temp'"];
FunctionCall297 -> VarName299;
VarName300 [label="VarName\n'two'"];
FunctionCall297 -> VarName300;
FunctionCall301 [label="FunctionCall\n'putchard'"];
FunctionBody234 -> FunctionCall301;
IConstant302 [label="IConstant\n'61'"];
FunctionCall301 -> IConstant302;
FunctionCall303 [label="FunctionCall\n'putchard'"];
FunctionBody234 -> FunctionCall303;
IConstant304 [label="IConstant\n'61'"];
FunctionCall303 -> IConstant304;
FunctionCall305 [label="FunctionCall\n'putchard'"];
FunctionBody234 -> FunctionCall305;
IConstant306 [label="IConstant\n'61'"];
FunctionCall305 -> IConstant306;
FunctionCall307 [label="FunctionCall\n'putchard'"];
FunctionBody234 -> FunctionCall307;
IConstant308 [label="IConstant\n'10'"];
FunctionCall307 -> IConstant308;
FunctionCall309 [label="FunctionCall\n'printd'"];
FunctionBody234 -> FunctionCall309;
FunctionCall310 [label="FunctionCall\n'test_ret'"];
FunctionCall309 -> FunctionCall310;
IConstant311 [label="IConstant\n'2'"];
FunctionCall310 -> IConstant311;
IConstant312 [label="IConstant\n'0'"];
FunctionCall310 -> IConstant312;
UnaryOperator313 [label="UnaryOperator\n'-'"];
FunctionCall310 -> UnaryOperator313;
IConstant314 [label="IConstant\n'11'"];
UnaryOperator313 -> IConstant314;
FunctionCall315 [label="FunctionCall\n'putchard'"];
FunctionBody234 -> FunctionCall315;
IConstant316 [label="IConstant\n'61'"];
FunctionCall315 -> IConstant316;
FunctionCall317 [label="FunctionCall\n'putchard'"];
FunctionBody234 -> FunctionCall317;
IConstant318 [label="IConstant\n'61'"];
FunctionCall317 -> IConstant318;
FunctionCall319 [label="FunctionCall\n'putchard'"];
FunctionBody234 -> FunctionCall319;
IConstant320 [label="IConstant\n'61'"];
FunctionCall319 -> IConstant320;
FunctionCall321 [label="FunctionCall\n'putchard'"];
FunctionBody234 -> FunctionCall321;
IConstant322 [label="IConstant\n'10'"];
FunctionCall321 -> IConstant322;
FunctionCall323 [label="FunctionCall\n'printd'"];
FunctionBody234 -> FunctionCall323;
BinaryOperator324 [label="BinaryOperator\n'+'"];
FunctionCall323 -> BinaryOperator324;
BinaryOperator325 [label="BinaryOperator\n'+'"];
BinaryOperator324 -> BinaryOperator325;
BinaryOperator326 [label="BinaryOperator\n'+'"];
BinaryOperator325 -> BinaryOperator326;
FConstant327 [label="FConstant\n'1.0'"];
BinaryOperator326 -> FConstant327;
BinaryOperator328 [label="BinaryOperator\n'*'"];
BinaryOperator326 -> BinaryOperator328;
FConstant329 [label="FConstant\n'3.0'"];
BinaryOperator328 -> FConstant329;
FConstant330 [label="FConstant\n'8.0'"];
BinaryOperator328 -> FConstant330;
BinaryOperator331 [label="BinaryOperator\n'*'"];
BinaryOperator325 -> BinaryOperator331;
BinaryOperator332 [label="BinaryOperator\n'/'"];
BinaryOperator331 -> BinaryOperator332;
FConstant333 [label="FConstant\n'55.0'"];
BinaryOperator332 -> FConstant333;
BinaryOperator334 [label="BinaryOperator\n'+'"];
BinaryOperator332 -> BinaryOperator334;
BinaryOperator335 [label="BinaryOperator\n'*'"];
BinaryOperator334 -> BinaryOperator335;
FConstant336 [label="FConstant\n'1.0'"];
BinaryOperator335 -> FConstant336;
FConstant337 [label="FConstant\n'4.0'"];
BinaryOperator335 -> FConstant337;
BinaryOperator338 [label="BinaryOperator\n'/'"];
BinaryOperator334 -> BinaryOperator338;
FConstant339 [label="FConstant\n'4.0'"];
BinaryOperator338 -> FConstant339;
BinaryOperator340 [label="BinaryOperator\n'+'"];
BinaryOperator338 -> BinaryOperator340;
BinaryOperator341 [label="BinaryOperator\n'*'"];
BinaryOperator340 -> BinaryOperator341;
FConstant342 [label="FConstant\n'1.0'"];
BinaryOperator341 -> FConstant342;
FConstant343 [label="FConstant\n'3.0'"];
BinaryOperator341 -> FConstant343;
FConstant344 [label="FConstant\n'3.0'"];
BinaryOperator340 -> FConstant344;
FConstant345 [label="FConstant\n'99.0'"];
BinaryOperator331 -> FConstant345;
FConstant346 [label="FConstant\n'11.0'"];
BinaryOperator324 -> FConstant346;
FunctionCall347 [label="FunctionCall\n'cos'"];
FunctionBody234 -> FunctionCall347;
IConstant348 [label="IConstant\n'1'"];
FunctionCall347 -> IConstant348;
}
