==30432== Memcheck, a memory error detector
==30432== Copyright (C) 2002-2010, and GNU GPL'd, by Julian Seward et al.
==30432== Using Valgrind-3.6.0.SVN-Debian and LibVEX; rerun with -h for copyright info
==30432== Command: ./expr test/t1.expr
==30432== 
--30432-- Valgrind options:
--30432--    --suppressions=/usr/lib/valgrind/debian-libc6-dbg.supp
--30432--    -v
--30432--    --leak-check=full
--30432--    --show-reachable=yes
--30432-- Contents of /proc/version:
--30432--   Linux version 2.6.32-5-686 (Debian 2.6.32-48squeeze3) (dannf@debian.org) (gcc version 4.3.5 (Debian 4.3.5-4) ) #1 SMP Fri May 10 08:33:48 UTC 2013
--30432-- Arch and hwcaps: X86, x86-sse1-sse2
--30432-- Page sizes: currently 4096, max supported 4096
--30432-- Valgrind library directory: /usr/lib/valgrind
--30432-- Reading syms from /lib/ld-2.11.3.so (0x4000000)
--30432--   Considering /lib/ld-2.11.3.so ..
--30432--   .. CRC mismatch (computed 19231304 wanted 2b6c260a)
--30432--   Considering /usr/lib/debug/lib/ld-2.11.3.so ..
--30432--   .. CRC is valid
--30432-- Reading syms from /home/bf/sw/expr/expr (0x8048000)
--30432-- Reading syms from /usr/lib/valgrind/memcheck-x86-linux (0x38000000)
--30432--    object doesn't have a dynamic symbol table
--30432-- Reading suppressions file: /usr/lib/valgrind/debian-libc6-dbg.supp
--30432-- Reading suppressions file: /usr/lib/valgrind/default.supp
--30432-- REDIR: 0x4016490 (index) redirected to 0x3803eda3 (vgPlain_x86_linux_REDIR_FOR_index)
--30432-- Reading syms from /usr/lib/valgrind/vgpreload_core-x86-linux.so (0x401f000)
--30432-- Reading syms from /usr/lib/valgrind/vgpreload_memcheck-x86-linux.so (0x4021000)
==30432== WARNING: new redirection conflicts with existing -- ignoring it
--30432--     new: 0x04016490 (index               ) R-> 0x04024cb0 index
--30432-- REDIR: 0x4016670 (strlen) redirected to 0x40250f0 (strlen)
--30432-- Reading syms from /usr/lib/libstdc++.so.6.0.13 (0x403d000)
--30432--    object doesn't have a symbol table
--30432-- Reading syms from /lib/i686/cmov/libm-2.11.3.so (0x4133000)
--30432--   Considering /lib/i686/cmov/libm-2.11.3.so ..
--30432--   .. CRC mismatch (computed 192a77c4 wanted 54f9f60e)
--30432--   Considering /usr/lib/debug/lib/i686/cmov/libm-2.11.3.so ..
--30432--   .. CRC is valid
--30432-- Reading syms from /lib/libgcc_s.so.1 (0x4159000)
--30432--   Considering /lib/libgcc_s.so.1 ..
--30432--   .. CRC mismatch (computed 5efc9915 wanted ece5a7a0)
--30432--    object doesn't have a symbol table
--30432-- Reading syms from /lib/i686/cmov/libc-2.11.3.so (0x4177000)
--30432--   Considering /lib/i686/cmov/libc-2.11.3.so ..
--30432--   .. CRC mismatch (computed 54553e9a wanted b0c0c033)
--30432--   Considering /usr/lib/debug/lib/i686/cmov/libc-2.11.3.so ..
--30432--   .. CRC is valid
--30432-- REDIR: 0x41ea5a0 (rindex) redirected to 0x4024b60 (rindex)
--30432-- REDIR: 0x41ea1f0 (__GI_strlen) redirected to 0x40250d0 (__GI_strlen)
--30432-- REDIR: 0x41ea130 (strlen) redirected to 0x401f42c (_vgnU_ifunc_wrapper)
--30432-- REDIR: 0x41ea170 (__strlen_sse2) redirected to 0x40250b0 (strlen)
--30432-- REDIR: 0x40fab80 (operator new(unsigned int)) redirected to 0x4024697 (operator new(unsigned int))
--30432-- REDIR: 0x41eb830 (memcpy) redirected to 0x4025870 (memcpy)
--30432-- REDIR: 0x41e6920 (malloc) redirected to 0x4023ecb (malloc)
--30432-- REDIR: 0x41eb330 (memset) redirected to 0x40264a0 (memset)
--30432-- REDIR: 0x41eb2c0 (memmove) redirected to 0x4026510 (memmove)
--30432-- REDIR: 0x40f86e0 (operator delete(void*)) redirected to 0x40237fc (operator delete(void*))
--30432-- REDIR: 0x41ecb60 (strchrnul) redirected to 0x4026590 (strchrnul)
--30432-- REDIR: 0x41e6840 (free) redirected to 0x4023ae5 (free)
--30432-- REDIR: 0x41eae30 (memchr) redirected to 0x4025830 (memchr)
--30432-- REDIR: 0x41eb390 (mempcpy) redirected to 0x4026600 (mempcpy)
==30432== 
==30432== HEAP SUMMARY:
==30432==     in use at exit: 17,634 bytes in 83 blocks
==30432==   total heap usage: 222 allocs, 139 frees, 20,316 bytes allocated
==30432== 
==30432== Searching for pointers to 83 not-freed blocks
==30432== Checked 97,812 bytes
==30432== 
==30432== 4 bytes in 1 blocks are still reachable in loss record 1 of 34
==30432==    at 0x4023F50: malloc (vg_replace_malloc.c:236)
==30432==    by 0x804B0B4: yyalloc(unsigned int) (lex.yy.cc:2015)
==30432==    by 0x804AC84: yyensure_buffer_stack() (lex.yy.cc:1716)
==30432==    by 0x80498A8: yylex() (lex.yy.cc:843)
==30432==    by 0x804BA8D: Scanner::get() (scanner.cc:67)
==30432==    by 0x804DB24: Parser::open(std::string) (parser.cc:133)
==30432==    by 0x804DDB3: main (expr.cc:31)
==30432== 
==30432== 8 bytes in 1 blocks are indirectly lost in loss record 2 of 34
==30432==    at 0x402471C: operator new(unsigned int) (vg_replace_malloc.c:255)
==30432==    by 0x804D3B1: Parser::prim() (parser.cc:39)
==30432==    by 0x804D817: Parser::term() (parser.cc:87)
==30432==    by 0x804D8A3: Parser::expr() (parser.cc:96)
==30432==    by 0x804DA54: Parser::program() (parser.cc:117)
==30432==    by 0x804DB42: Parser::parse() (parser.cc:138)
==30432==    by 0x804DF47: main (expr.cc:46)
==30432== 
==30432== 8 bytes in 1 blocks are indirectly lost in loss record 3 of 34
==30432==    at 0x402471C: operator new(unsigned int) (vg_replace_malloc.c:255)
==30432==    by 0x804D3B1: Parser::prim() (parser.cc:39)
==30432==    by 0x804D817: Parser::term() (parser.cc:87)
==30432==    by 0x804D8E9: Parser::expr() (parser.cc:102)
==30432==    by 0x804D4EC: Parser::prim() (parser.cc:52)
==30432==    by 0x804D729: Parser::term() (parser.cc:79)
==30432==    by 0x804D8A3: Parser::expr() (parser.cc:96)
==30432==    by 0x804DA54: Parser::program() (parser.cc:117)
==30432==    by 0x804DB42: Parser::parse() (parser.cc:138)
==30432==    by 0x804DF47: main (expr.cc:46)
==30432== 
==30432== 8 bytes in 1 blocks are indirectly lost in loss record 4 of 34
==30432==    at 0x402471C: operator new(unsigned int) (vg_replace_malloc.c:255)
==30432==    by 0x804D3B1: Parser::prim() (parser.cc:39)
==30432==    by 0x804D729: Parser::term() (parser.cc:79)
==30432==    by 0x804D8A3: Parser::expr() (parser.cc:96)
==30432==    by 0x804D679: Parser::prim() (parser.cc:65)
==30432==    by 0x804D729: Parser::term() (parser.cc:79)
==30432==    by 0x804D8E9: Parser::expr() (parser.cc:102)
==30432==    by 0x804D4EC: Parser::prim() (parser.cc:52)
==30432==    by 0x804D729: Parser::term() (parser.cc:79)
==30432==    by 0x804D8A3: Parser::expr() (parser.cc:96)
==30432==    by 0x804DA54: Parser::program() (parser.cc:117)
==30432==    by 0x804DB42: Parser::parse() (parser.cc:138)
==30432== 
==30432== 8 bytes in 1 blocks are indirectly lost in loss record 5 of 34
==30432==    at 0x402471C: operator new(unsigned int) (vg_replace_malloc.c:255)
==30432==    by 0x804D40B: Parser::prim() (parser.cc:43)
==30432==    by 0x804D729: Parser::term() (parser.cc:79)
==30432==    by 0x804D8E9: Parser::expr() (parser.cc:102)
==30432==    by 0x804D4EC: Parser::prim() (parser.cc:52)
==30432==    by 0x804D729: Parser::term() (parser.cc:79)
==30432==    by 0x804D8A3: Parser::expr() (parser.cc:96)
==30432==    by 0x804DA54: Parser::program() (parser.cc:117)
==30432==    by 0x804DB42: Parser::parse() (parser.cc:138)
==30432==    by 0x804DF47: main (expr.cc:46)
==30432== 
==30432== 8 bytes in 1 blocks are indirectly lost in loss record 6 of 34
==30432==    at 0x402471C: operator new(unsigned int) (vg_replace_malloc.c:255)
==30432==    by 0x804D3B1: Parser::prim() (parser.cc:39)
==30432==    by 0x804D817: Parser::term() (parser.cc:87)
==30432==    by 0x804D8A3: Parser::expr() (parser.cc:96)
==30432==    by 0x804D4EC: Parser::prim() (parser.cc:52)
==30432==    by 0x804D729: Parser::term() (parser.cc:79)
==30432==    by 0x804D8A3: Parser::expr() (parser.cc:96)
==30432==    by 0x804DA54: Parser::program() (parser.cc:117)
==30432==    by 0x804DB42: Parser::parse() (parser.cc:138)
==30432==    by 0x804DF47: main (expr.cc:46)
==30432== 
==30432== 8 bytes in 1 blocks are indirectly lost in loss record 7 of 34
==30432==    at 0x402471C: operator new(unsigned int) (vg_replace_malloc.c:255)
==30432==    by 0x804D3B1: Parser::prim() (parser.cc:39)
==30432==    by 0x804D729: Parser::term() (parser.cc:79)
==30432==    by 0x804D8A3: Parser::expr() (parser.cc:96)
==30432==    by 0x804D4EC: Parser::prim() (parser.cc:52)
==30432==    by 0x804D729: Parser::term() (parser.cc:79)
==30432==    by 0x804D8A3: Parser::expr() (parser.cc:96)
==30432==    by 0x804DA54: Parser::program() (parser.cc:117)
==30432==    by 0x804DB42: Parser::parse() (parser.cc:138)
==30432==    by 0x804DF47: main (expr.cc:46)
==30432== 
==30432== 14 bytes in 1 blocks are indirectly lost in loss record 8 of 34
==30432==    at 0x402471C: operator new(unsigned int) (vg_replace_malloc.c:255)
==30432==    by 0x40D4795: std::string::_Rep::_S_create(unsigned int, unsigned int, std::allocator<char> const&) (in /usr/lib/libstdc++.so.6.0.13)
==30432==    by 0x40D6A96: std::string::_M_mutate(unsigned int, unsigned int, unsigned int) (in /usr/lib/libstdc++.so.6.0.13)
==30432==    by 0x40D6C39: std::string::_M_replace_safe(unsigned int, unsigned int, char const*, unsigned int) (in /usr/lib/libstdc++.so.6.0.13)
==30432==    by 0x40D6CDD: std::string::assign(char const*, unsigned int) (in /usr/lib/libstdc++.so.6.0.13)
==30432==    by 0x40D6E74: std::string::operator=(char const*) (in /usr/lib/libstdc++.so.6.0.13)
==30432==    by 0x804BAB5: Scanner::get() (scanner.cc:69)
==30432==    by 0x804DB71: Parser::next() (parser.cc:147)
==30432==    by 0x804D2B1: Parser::accept(int) (parser.cc:15)
==30432==    by 0x804D3A1: Parser::prim() (parser.cc:37)
==30432==    by 0x804D729: Parser::term() (parser.cc:79)
==30432==    by 0x804D8E9: Parser::expr() (parser.cc:102)
==30432== 
==30432== 14 bytes in 1 blocks are indirectly lost in loss record 9 of 34
==30432==    at 0x402471C: operator new(unsigned int) (vg_replace_malloc.c:255)
==30432==    by 0x40D4795: std::string::_Rep::_S_create(unsigned int, unsigned int, std::allocator<char> const&) (in /usr/lib/libstdc++.so.6.0.13)
==30432==    by 0x40D6A96: std::string::_M_mutate(unsigned int, unsigned int, unsigned int) (in /usr/lib/libstdc++.so.6.0.13)
==30432==    by 0x40D6C39: std::string::_M_replace_safe(unsigned int, unsigned int, char const*, unsigned int) (in /usr/lib/libstdc++.so.6.0.13)
==30432==    by 0x40D6CDD: std::string::assign(char const*, unsigned int) (in /usr/lib/libstdc++.so.6.0.13)
==30432==    by 0x40D6E74: std::string::operator=(char const*) (in /usr/lib/libstdc++.so.6.0.13)
==30432==    by 0x804BAB5: Scanner::get() (scanner.cc:69)
==30432==    by 0x804DB71: Parser::next() (parser.cc:147)
==30432==    by 0x804D2B1: Parser::accept(int) (parser.cc:15)
==30432==    by 0x804D455: Parser::prim() (parser.cc:45)
==30432==    by 0x804D729: Parser::term() (parser.cc:79)
==30432==    by 0x804D8A3: Parser::expr() (parser.cc:96)
==30432== 
==30432== 16 bytes in 2 blocks are indirectly lost in loss record 10 of 34
==30432==    at 0x402471C: operator new(unsigned int) (vg_replace_malloc.c:255)
==30432==    by 0x804D3B1: Parser::prim() (parser.cc:39)
==30432==    by 0x804D729: Parser::term() (parser.cc:79)
==30432==    by 0x804D8A3: Parser::expr() (parser.cc:96)
==30432==    by 0x804DA54: Parser::program() (parser.cc:117)
==30432==    by 0x804DB42: Parser::parse() (parser.cc:138)
==30432==    by 0x804DF47: main (expr.cc:46)
==30432== 
==30432== 16 bytes in 2 blocks are indirectly lost in loss record 11 of 34
==30432==    at 0x402471C: operator new(unsigned int) (vg_replace_malloc.c:255)
==30432==    by 0x804D3B1: Parser::prim() (parser.cc:39)
==30432==    by 0x804D729: Parser::term() (parser.cc:79)
==30432==    by 0x804D8E9: Parser::expr() (parser.cc:102)
==30432==    by 0x804DA54: Parser::program() (parser.cc:117)
==30432==    by 0x804DB42: Parser::parse() (parser.cc:138)
==30432==    by 0x804DF47: main (expr.cc:46)
==30432== 
==30432== 16 bytes in 2 blocks are indirectly lost in loss record 12 of 34
==30432==    at 0x402471C: operator new(unsigned int) (vg_replace_malloc.c:255)
==30432==    by 0x804D3B1: Parser::prim() (parser.cc:39)
==30432==    by 0x804D729: Parser::term() (parser.cc:79)
==30432==    by 0x804D8A3: Parser::expr() (parser.cc:96)
==30432==    by 0x804D679: Parser::prim() (parser.cc:65)
==30432==    by 0x804D729: Parser::term() (parser.cc:79)
==30432==    by 0x804D8A3: Parser::expr() (parser.cc:96)
==30432==    by 0x804D4EC: Parser::prim() (parser.cc:52)
==30432==    by 0x804D729: Parser::term() (parser.cc:79)
==30432==    by 0x804D8A3: Parser::expr() (parser.cc:96)
==30432==    by 0x804DA54: Parser::program() (parser.cc:117)
==30432==    by 0x804DB42: Parser::parse() (parser.cc:138)
==30432== 
==30432== 16 bytes in 2 blocks are indirectly lost in loss record 13 of 34
==30432==    at 0x402471C: operator new(unsigned int) (vg_replace_malloc.c:255)
==30432==    by 0x804D3B1: Parser::prim() (parser.cc:39)
==30432==    by 0x804D76F: Parser::term() (parser.cc:85)
==30432==    by 0x804D8E9: Parser::expr() (parser.cc:102)
==30432==    by 0x804D4EC: Parser::prim() (parser.cc:52)
==30432==    by 0x804D729: Parser::term() (parser.cc:79)
==30432==    by 0x804D8A3: Parser::expr() (parser.cc:96)
==30432==    by 0x804DA54: Parser::program() (parser.cc:117)
==30432==    by 0x804DB42: Parser::parse() (parser.cc:138)
==30432==    by 0x804DF47: main (expr.cc:46)
==30432== 
==30432== 18 bytes in 1 blocks are indirectly lost in loss record 14 of 34
==30432==    at 0x402471C: operator new(unsigned int) (vg_replace_malloc.c:255)
==30432==    by 0x40D4795: std::string::_Rep::_S_create(unsigned int, unsigned int, std::allocator<char> const&) (in /usr/lib/libstdc++.so.6.0.13)
==30432==    by 0x40D6A96: std::string::_M_mutate(unsigned int, unsigned int, unsigned int) (in /usr/lib/libstdc++.so.6.0.13)
==30432==    by 0x40D6C39: std::string::_M_replace_safe(unsigned int, unsigned int, char const*, unsigned int) (in /usr/lib/libstdc++.so.6.0.13)
==30432==    by 0x40D6CDD: std::string::assign(char const*, unsigned int) (in /usr/lib/libstdc++.so.6.0.13)
==30432==    by 0x40D6E74: std::string::operator=(char const*) (in /usr/lib/libstdc++.so.6.0.13)
==30432==    by 0x804BE2F: Scanner::get() (scanner.cc:102)
==30432==    by 0x804DB71: Parser::next() (parser.cc:147)
==30432==    by 0x804D2B1: Parser::accept(int) (parser.cc:15)
==30432==    by 0x804D2DA: Parser::expect(int) (parser.cc:23)
==30432==    by 0x804DA76: Parser::program() (parser.cc:118)
==30432==    by 0x804DB42: Parser::parse() (parser.cc:138)
==30432== 
==30432== 24 bytes in 1 blocks are indirectly lost in loss record 15 of 34
==30432==    at 0x402471C: operator new(unsigned int) (vg_replace_malloc.c:255)
==30432==    by 0x804D8F7: Parser::expr() (parser.cc:102)
==30432==    by 0x804DA54: Parser::program() (parser.cc:117)
==30432==    by 0x804DB42: Parser::parse() (parser.cc:138)
==30432==    by 0x804DF47: main (expr.cc:46)
==30432== 
==30432== 24 bytes in 1 blocks are indirectly lost in loss record 16 of 34
==30432==    at 0x402471C: operator new(unsigned int) (vg_replace_malloc.c:255)
==30432==    by 0x804D825: Parser::term() (parser.cc:87)
==30432==    by 0x804D8E9: Parser::expr() (parser.cc:102)
==30432==    by 0x804D4EC: Parser::prim() (parser.cc:52)
==30432==    by 0x804D729: Parser::term() (parser.cc:79)
==30432==    by 0x804D8A3: Parser::expr() (parser.cc:96)
==30432==    by 0x804DA54: Parser::program() (parser.cc:117)
==30432==    by 0x804DB42: Parser::parse() (parser.cc:138)
==30432==    by 0x804DF47: main (expr.cc:46)
==30432== 
==30432== 24 bytes in 1 blocks are indirectly lost in loss record 17 of 34
==30432==    at 0x402471C: operator new(unsigned int) (vg_replace_malloc.c:255)
==30432==    by 0x804D825: Parser::term() (parser.cc:87)
==30432==    by 0x804D8A3: Parser::expr() (parser.cc:96)
==30432==    by 0x804D4EC: Parser::prim() (parser.cc:52)
==30432==    by 0x804D729: Parser::term() (parser.cc:79)
==30432==    by 0x804D8A3: Parser::expr() (parser.cc:96)
==30432==    by 0x804DA54: Parser::program() (parser.cc:117)
==30432==    by 0x804DB42: Parser::parse() (parser.cc:138)
==30432==    by 0x804DF47: main (expr.cc:46)
==30432== 
==30432== 24 bytes in 3 blocks are indirectly lost in loss record 18 of 34
==30432==    at 0x402471C: operator new(unsigned int) (vg_replace_malloc.c:255)
==30432==    by 0x804D3B1: Parser::prim() (parser.cc:39)
==30432==    by 0x804D729: Parser::term() (parser.cc:79)
==30432==    by 0x804D8E9: Parser::expr() (parser.cc:102)
==30432==    by 0x804D679: Parser::prim() (parser.cc:65)
==30432==    by 0x804D729: Parser::term() (parser.cc:79)
==30432==    by 0x804D8E9: Parser::expr() (parser.cc:102)
==30432==    by 0x804D4EC: Parser::prim() (parser.cc:52)
==30432==    by 0x804D729: Parser::term() (parser.cc:79)
==30432==    by 0x804D8A3: Parser::expr() (parser.cc:96)
==30432==    by 0x804DA54: Parser::program() (parser.cc:117)
==30432==    by 0x804DB42: Parser::parse() (parser.cc:138)
==30432== 
==30432== 28 bytes in 2 blocks are indirectly lost in loss record 19 of 34
==30432==    at 0x402471C: operator new(unsigned int) (vg_replace_malloc.c:255)
==30432==    by 0x40D4795: std::string::_Rep::_S_create(unsigned int, unsigned int, std::allocator<char> const&) (in /usr/lib/libstdc++.so.6.0.13)
==30432==    by 0x40D6A96: std::string::_M_mutate(unsigned int, unsigned int, unsigned int) (in /usr/lib/libstdc++.so.6.0.13)
==30432==    by 0x40D6C39: std::string::_M_replace_safe(unsigned int, unsigned int, char const*, unsigned int) (in /usr/lib/libstdc++.so.6.0.13)
==30432==    by 0x40D6CDD: std::string::assign(char const*, unsigned int) (in /usr/lib/libstdc++.so.6.0.13)
==30432==    by 0x40D6E74: std::string::operator=(char const*) (in /usr/lib/libstdc++.so.6.0.13)
==30432==    by 0x804BAB5: Scanner::get() (scanner.cc:69)
==30432==    by 0x804DB71: Parser::next() (parser.cc:147)
==30432==    by 0x804D2B1: Parser::accept(int) (parser.cc:15)
==30432==    by 0x804D3A1: Parser::prim() (parser.cc:37)
==30432==    by 0x804D729: Parser::term() (parser.cc:79)
==30432==    by 0x804D8A3: Parser::expr() (parser.cc:96)
==30432== 
==30432== 30 (12 direct, 18 indirect) bytes in 1 blocks are definitely lost in loss record 20 of 34
==30432==    at 0x402471C: operator new(unsigned int) (vg_replace_malloc.c:255)
==30432==    by 0x804BE50: Scanner::get() (scanner.cc:103)
==30432==    by 0x804DB71: Parser::next() (parser.cc:147)
==30432==    by 0x804D2B1: Parser::accept(int) (parser.cc:15)
==30432==    by 0x804D2DA: Parser::expect(int) (parser.cc:23)
==30432==    by 0x804DA76: Parser::program() (parser.cc:118)
==30432==    by 0x804DB42: Parser::parse() (parser.cc:138)
==30432==    by 0x804DF47: main (expr.cc:46)
==30432== 
==30432== 38 bytes in 2 blocks are indirectly lost in loss record 21 of 34
==30432==    at 0x402471C: operator new(unsigned int) (vg_replace_malloc.c:255)
==30432==    by 0x40D4795: std::string::_Rep::_S_create(unsigned int, unsigned int, std::allocator<char> const&) (in /usr/lib/libstdc++.so.6.0.13)
==30432==    by 0x40D6A96: std::string::_M_mutate(unsigned int, unsigned int, unsigned int) (in /usr/lib/libstdc++.so.6.0.13)
==30432==    by 0x40D6C39: std::string::_M_replace_safe(unsigned int, unsigned int, char const*, unsigned int) (in /usr/lib/libstdc++.so.6.0.13)
==30432==    by 0x40D6CDD: std::string::assign(char const*, unsigned int) (in /usr/lib/libstdc++.so.6.0.13)
==30432==    by 0x40D6E74: std::string::operator=(char const*) (in /usr/lib/libstdc++.so.6.0.13)
==30432==    by 0x804BAB5: Scanner::get() (scanner.cc:69)
==30432==    by 0x804DB71: Parser::next() (parser.cc:147)
==30432==    by 0x804D2B1: Parser::accept(int) (parser.cc:15)
==30432==    by 0x804D2DA: Parser::expect(int) (parser.cc:23)
==30432==    by 0x804DA76: Parser::program() (parser.cc:118)
==30432==    by 0x804DB42: Parser::parse() (parser.cc:138)
==30432== 
==30432== 40 bytes in 5 blocks are indirectly lost in loss record 22 of 34
==30432==    at 0x402471C: operator new(unsigned int) (vg_replace_malloc.c:255)
==30432==    by 0x804D3B1: Parser::prim() (parser.cc:39)
==30432==    by 0x804D729: Parser::term() (parser.cc:79)
==30432==    by 0x804D8E9: Parser::expr() (parser.cc:102)
==30432==    by 0x804D679: Parser::prim() (parser.cc:65)
==30432==    by 0x804D729: Parser::term() (parser.cc:79)
==30432==    by 0x804D8A3: Parser::expr() (parser.cc:96)
==30432==    by 0x804D4EC: Parser::prim() (parser.cc:52)
==30432==    by 0x804D729: Parser::term() (parser.cc:79)
==30432==    by 0x804D8A3: Parser::expr() (parser.cc:96)
==30432==    by 0x804DA54: Parser::program() (parser.cc:117)
==30432==    by 0x804DB42: Parser::parse() (parser.cc:138)
==30432== 
==30432== 40 bytes in 5 blocks are indirectly lost in loss record 23 of 34
==30432==    at 0x402471C: operator new(unsigned int) (vg_replace_malloc.c:255)
==30432==    by 0x804D55D: Parser::prim() (parser.cc:56)
==30432==    by 0x804D729: Parser::term() (parser.cc:79)
==30432==    by 0x804D8A3: Parser::expr() (parser.cc:96)
==30432==    by 0x804D4EC: Parser::prim() (parser.cc:52)
==30432==    by 0x804D729: Parser::term() (parser.cc:79)
==30432==    by 0x804D8A3: Parser::expr() (parser.cc:96)
==30432==    by 0x804DA54: Parser::program() (parser.cc:117)
==30432==    by 0x804DB42: Parser::parse() (parser.cc:138)
==30432==    by 0x804DF47: main (expr.cc:46)
==30432== 
==30432== 48 bytes in 1 blocks are still reachable in loss record 24 of 34
==30432==    at 0x4023F50: malloc (vg_replace_malloc.c:236)
==30432==    by 0x804B0B4: yyalloc(unsigned int) (lex.yy.cc:2015)
==30432==    by 0x804A8DE: yy_create_buffer(_IO_FILE*, int) (lex.yy.cc:1550)
==30432==    by 0x80498CE: yylex() (lex.yy.cc:845)
==30432==    by 0x804BA8D: Scanner::get() (scanner.cc:67)
==30432==    by 0x804DB24: Parser::open(std::string) (parser.cc:133)
==30432==    by 0x804DDB3: main (expr.cc:31)
==30432== 
==30432== 48 bytes in 2 blocks are indirectly lost in loss record 25 of 34
==30432==    at 0x402471C: operator new(unsigned int) (vg_replace_malloc.c:255)
==30432==    by 0x804D77D: Parser::term() (parser.cc:85)
==30432==    by 0x804D8E9: Parser::expr() (parser.cc:102)
==30432==    by 0x804D4EC: Parser::prim() (parser.cc:52)
==30432==    by 0x804D729: Parser::term() (parser.cc:79)
==30432==    by 0x804D8A3: Parser::expr() (parser.cc:96)
==30432==    by 0x804DA54: Parser::program() (parser.cc:117)
==30432==    by 0x804DB42: Parser::parse() (parser.cc:138)
==30432==    by 0x804DF47: main (expr.cc:46)
==30432== 
==30432== 48 bytes in 6 blocks are indirectly lost in loss record 26 of 34
==30432==    at 0x402471C: operator new(unsigned int) (vg_replace_malloc.c:255)
==30432==    by 0x804D3B1: Parser::prim() (parser.cc:39)
==30432==    by 0x804D729: Parser::term() (parser.cc:79)
==30432==    by 0x804D8E9: Parser::expr() (parser.cc:102)
==30432==    by 0x804D4EC: Parser::prim() (parser.cc:52)
==30432==    by 0x804D729: Parser::term() (parser.cc:79)
==30432==    by 0x804D8A3: Parser::expr() (parser.cc:96)
==30432==    by 0x804DA54: Parser::program() (parser.cc:117)
==30432==    by 0x804DB42: Parser::parse() (parser.cc:138)
==30432==    by 0x804DF47: main (expr.cc:46)
==30432== 
==30432== 54 (24 direct, 30 indirect) bytes in 1 blocks are definitely lost in loss record 27 of 34
==30432==    at 0x402471C: operator new(unsigned int) (vg_replace_malloc.c:255)
==30432==    by 0x804D825: Parser::term() (parser.cc:87)
==30432==    by 0x804D8A3: Parser::expr() (parser.cc:96)
==30432==    by 0x804DA54: Parser::program() (parser.cc:117)
==30432==    by 0x804DB42: Parser::parse() (parser.cc:138)
==30432==    by 0x804DF47: main (expr.cc:46)
==30432== 
==30432== 64 bytes in 8 blocks are indirectly lost in loss record 28 of 34
==30432==    at 0x402471C: operator new(unsigned int) (vg_replace_malloc.c:255)
==30432==    by 0x804D4B6: Parser::prim() (parser.cc:52)
==30432==    by 0x804D729: Parser::term() (parser.cc:79)
==30432==    by 0x804D8A3: Parser::expr() (parser.cc:96)
==30432==    by 0x804DA54: Parser::program() (parser.cc:117)
==30432==    by 0x804DB42: Parser::parse() (parser.cc:138)
==30432==    by 0x804DF47: main (expr.cc:46)
==30432== 
==30432== 72 bytes in 3 blocks are indirectly lost in loss record 29 of 34
==30432==    at 0x402471C: operator new(unsigned int) (vg_replace_malloc.c:255)
==30432==    by 0x804D8F7: Parser::expr() (parser.cc:102)
==30432==    by 0x804D679: Parser::prim() (parser.cc:65)
==30432==    by 0x804D729: Parser::term() (parser.cc:79)
==30432==    by 0x804D8E9: Parser::expr() (parser.cc:102)
==30432==    by 0x804D4EC: Parser::prim() (parser.cc:52)
==30432==    by 0x804D729: Parser::term() (parser.cc:79)
==30432==    by 0x804D8A3: Parser::expr() (parser.cc:96)
==30432==    by 0x804DA54: Parser::program() (parser.cc:117)
==30432==    by 0x804DB42: Parser::parse() (parser.cc:138)
==30432==    by 0x804DF47: main (expr.cc:46)
==30432== 
==30432== 86 (24 direct, 62 indirect) bytes in 1 blocks are definitely lost in loss record 30 of 34
==30432==    at 0x402471C: operator new(unsigned int) (vg_replace_malloc.c:255)
==30432==    by 0x804D8F7: Parser::expr() (parser.cc:102)
==30432==    by 0x804DA54: Parser::program() (parser.cc:117)
==30432==    by 0x804DB42: Parser::parse() (parser.cc:138)
==30432==    by 0x804DF47: main (expr.cc:46)
==30432== 
==30432== 120 bytes in 5 blocks are indirectly lost in loss record 31 of 34
==30432==    at 0x402471C: operator new(unsigned int) (vg_replace_malloc.c:255)
==30432==    by 0x804D8F7: Parser::expr() (parser.cc:102)
==30432==    by 0x804D679: Parser::prim() (parser.cc:65)
==30432==    by 0x804D729: Parser::term() (parser.cc:79)
==30432==    by 0x804D8A3: Parser::expr() (parser.cc:96)
==30432==    by 0x804D4EC: Parser::prim() (parser.cc:52)
==30432==    by 0x804D729: Parser::term() (parser.cc:79)
==30432==    by 0x804D8A3: Parser::expr() (parser.cc:96)
==30432==    by 0x804DA54: Parser::program() (parser.cc:117)
==30432==    by 0x804DB42: Parser::parse() (parser.cc:138)
==30432==    by 0x804DF47: main (expr.cc:46)
==30432== 
==30432== 192 bytes in 8 blocks are indirectly lost in loss record 32 of 34
==30432==    at 0x402471C: operator new(unsigned int) (vg_replace_malloc.c:255)
==30432==    by 0x804D8F7: Parser::expr() (parser.cc:102)
==30432==    by 0x804D4EC: Parser::prim() (parser.cc:52)
==30432==    by 0x804D729: Parser::term() (parser.cc:79)
==30432==    by 0x804D8A3: Parser::expr() (parser.cc:96)
==30432==    by 0x804DA54: Parser::program() (parser.cc:117)
==30432==    by 0x804DB42: Parser::parse() (parser.cc:138)
==30432==    by 0x804DF47: main (expr.cc:46)
==30432== 
==30432== 1,026 (192 direct, 834 indirect) bytes in 8 blocks are definitely lost in loss record 33 of 34
==30432==    at 0x402471C: operator new(unsigned int) (vg_replace_malloc.c:255)
==30432==    by 0x804D4FB: Parser::prim() (parser.cc:52)
==30432==    by 0x804D729: Parser::term() (parser.cc:79)
==30432==    by 0x804D8A3: Parser::expr() (parser.cc:96)
==30432==    by 0x804DA54: Parser::program() (parser.cc:117)
==30432==    by 0x804DB42: Parser::parse() (parser.cc:138)
==30432==    by 0x804DF47: main (expr.cc:46)
==30432== 
==30432== 16,386 bytes in 1 blocks are still reachable in loss record 34 of 34
==30432==    at 0x4023F50: malloc (vg_replace_malloc.c:236)
==30432==    by 0x804B0B4: yyalloc(unsigned int) (lex.yy.cc:2015)
==30432==    by 0x804A90D: yy_create_buffer(_IO_FILE*, int) (lex.yy.cc:1559)
==30432==    by 0x80498CE: yylex() (lex.yy.cc:845)
==30432==    by 0x804BA8D: Scanner::get() (scanner.cc:67)
==30432==    by 0x804DB24: Parser::open(std::string) (parser.cc:133)
==30432==    by 0x804DDB3: main (expr.cc:31)
==30432== 
==30432== LEAK SUMMARY:
==30432==    definitely lost: 252 bytes in 11 blocks
==30432==    indirectly lost: 944 bytes in 69 blocks
==30432==      possibly lost: 0 bytes in 0 blocks
==30432==    still reachable: 16,438 bytes in 3 blocks
==30432==         suppressed: 0 bytes in 0 blocks
==30432== 
==30432== ERROR SUMMARY: 4 errors from 4 contexts (suppressed: 19 from 8)
--30432-- 
--30432-- used_suppression:     19 dl-hack3-cond-1
==30432== 
==30432== ERROR SUMMARY: 4 errors from 4 contexts (suppressed: 19 from 8)
